[2026-01-28 17:04:22] [INFO] [security-monitor] [main.py:132] - ✅ Feature extractor initialized
[2026-01-28 17:04:22] [INFO] [security-monitor] [main.py:139] - ✅ Rules engine initialized
[2026-01-28 17:04:22] [INFO] [security-monitor] [main.py:146] - ✅ Incident manager initialized
[2026-01-28 17:04:24] [INFO] [security-monitor] [main.py:156] - ✅ AI model loaded from disk
[2026-01-28 17:04:24] [INFO] [security-monitor] [main.py:169] - ✅ Phase 4: Operational Orchestrator initialized
[2026-01-28 17:04:24] [INFO] [security-monitor] [main.py:375] - ======================================================================
[2026-01-28 17:04:24] [INFO] [security-monitor] [main.py:376] - 🚀 Security Monitor Starting - Phase 4 Integrated
[2026-01-28 17:04:24] [INFO] [security-monitor] [main.py:377] - 📂 Database: C:\Belo2\suspicious-tracker\security.db
[2026-01-28 17:04:24] [INFO] [security-monitor] [main.py:378] - ⏱️  Poll Interval: 10s
[2026-01-28 17:04:24] [INFO] [security-monitor] [main.py:379] - 🤖 AI Enabled: True
[2026-01-28 17:04:24] [INFO] [security-monitor] [main.py:380] - 📊 Phase 4 Operational: ENABLED
[2026-01-28 17:04:24] [INFO] [security-monitor] [main.py:382] - 📄 Auto-reports: ON for HIGH severity incidents
[2026-01-28 17:04:24] [INFO] [security-monitor] [main.py:385] - ======================================================================
[2026-01-28 17:04:24] [INFO] [security-monitor] [main.py:447] - ✅ Starting data collection with Phase 4 operational response...
[2026-01-28 17:04:40] [INFO] [security-monitor] [main.py:367] - 📈 Stats - Events: 3 | Features: 0 | Alerts: 0 | Incidents: 0 | AI Scores: 0 | Reports: 0 | Emails: 0 | Errors: 0
[2026-01-28 17:04:44] [INFO] [security-monitor] [main.py:69] - Shutdown signal received. Stopping...
[2026-01-28 17:04:44] [INFO] [security-monitor] [main.py:493] - Shutting down Security Monitor with Phase 4 operational response...
[2026-01-28 17:04:44] [INFO] [security-monitor] [main.py:367] - 📈 Stats - Events: 4 | Features: 0 | Alerts: 0 | Incidents: 0 | AI Scores: 0 | Reports: 0 | Emails: 0 | Errors: 0
[2026-01-28 17:04:45] [INFO] [security-monitor] [main.py:505] - ✅ Security Monitor shutdown complete with Phase 4 integration
[2026-01-28 17:10:21] [INFO] [security-monitor] [main.py:133] - ✅ Feature extractor initialized
[2026-01-28 17:10:21] [INFO] [security-monitor] [main.py:140] - ✅ Rules engine initialized
[2026-01-28 17:10:21] [INFO] [security-monitor] [main.py:147] - ✅ Incident manager initialized
[2026-01-28 17:10:22] [INFO] [security-monitor] [main.py:157] - ✅ AI model loaded from disk
[2026-01-28 17:10:22] [INFO] [security-monitor] [main.py:170] - ✅ Phase 4: Operational Orchestrator initialized
[2026-01-28 17:10:22] [INFO] [security-monitor] [main.py:428] - ======================================================================
[2026-01-28 17:10:22] [INFO] [security-monitor] [main.py:429] - 🚀 Security Monitor Starting - Phase 4 Integrated
[2026-01-28 17:10:22] [INFO] [security-monitor] [main.py:430] - 📂 Database: C:\Belo2\suspicious-tracker\security.db
[2026-01-28 17:10:22] [INFO] [security-monitor] [main.py:431] - ⏱️  Poll Interval: 10s
[2026-01-28 17:10:22] [INFO] [security-monitor] [main.py:432] - 🤖 AI Enabled: True
[2026-01-28 17:10:22] [INFO] [security-monitor] [main.py:433] - 📊 Phase 4 Operational: ENABLED
[2026-01-28 17:10:22] [INFO] [security-monitor] [main.py:435] - 📄 Auto-reports: ON for HIGH severity incidents
[2026-01-28 17:10:22] [INFO] [security-monitor] [main.py:438] - ======================================================================
[2026-01-28 17:10:22] [INFO] [security-monitor] [main.py:500] - ✅ Starting data collection with Phase 4 operational response...
[2026-01-28 17:10:25] [INFO] [security-monitor] [main.py:420] - 📈 Stats - Events: 3 | Features: 1 | Alerts: 0 | Incidents: 0 | AI Scores: 1 | Reports: 0 | Emails: 0 | Errors: 0
[2026-01-28 17:11:00] [INFO] [security-monitor] [main.py:420] - 📈 Stats - Events: 12 | Features: 1 | Alerts: 0 | Incidents: 0 | AI Scores: 1 | Reports: 0 | Emails: 0 | Errors: 0
[2026-01-28 17:11:16] [INFO] [security-monitor] [main.py:70] - Shutdown signal received. Stopping...
[2026-01-28 17:11:16] [INFO] [security-monitor] [main.py:546] - Shutting down Security Monitor with Phase 4 operational response...
[2026-01-28 17:11:16] [INFO] [security-monitor] [main.py:420] - 📈 Stats - Events: 15 | Features: 1 | Alerts: 0 | Incidents: 0 | AI Scores: 1 | Reports: 0 | Emails: 0 | Errors: 0
[2026-01-28 17:11:16] [INFO] [security-monitor] [main.py:558] - ✅ Security Monitor shutdown complete with Phase 4 integration
[2026-01-28 17:25:21] [INFO] [security-monitor] [main.py:133] - ✅ Feature extractor initialized
[2026-01-28 17:25:21] [INFO] [security-monitor] [main.py:140] - ✅ Rules engine initialized
[2026-01-28 17:25:21] [INFO] [security-monitor] [main.py:147] - ✅ Incident manager initialized
[2026-01-28 17:25:22] [INFO] [security-monitor] [main.py:157] - ✅ AI model loaded from disk
[2026-01-28 17:25:22] [INFO] [security-monitor] [main.py:170] - ✅ Phase 4: Operational Orchestrator initialized
[2026-01-28 17:25:22] [INFO] [security-monitor] [main.py:428] - ======================================================================
[2026-01-28 17:25:22] [INFO] [security-monitor] [main.py:429] - 🚀 Security Monitor Starting - Phase 4 Integrated
[2026-01-28 17:25:22] [INFO] [security-monitor] [main.py:430] - 📂 Database: C:\Belo2\suspicious-tracker\security.db
[2026-01-28 17:25:22] [INFO] [security-monitor] [main.py:431] - ⏱️  Poll Interval: 10s
[2026-01-28 17:25:22] [INFO] [security-monitor] [main.py:432] - 🤖 AI Enabled: True
[2026-01-28 17:25:22] [INFO] [security-monitor] [main.py:433] - 📊 Phase 4 Operational: ENABLED
[2026-01-28 17:25:22] [INFO] [security-monitor] [main.py:435] - 📄 Auto-reports: ON for HIGH severity incidents
[2026-01-28 17:25:22] [INFO] [security-monitor] [main.py:438] - ======================================================================
[2026-01-28 17:25:22] [INFO] [security-monitor] [main.py:500] - ✅ Starting data collection with Phase 4 operational response...
[2026-01-28 17:25:25] [INFO] [security-monitor] [main.py:420] - 📈 Stats - Events: 3 | Features: 1 | Alerts: 0 | Incidents: 0 | AI Scores: 1 | Reports: 0 | Emails: 0 | Errors: 0
[2026-01-28 17:25:38] [INFO] [security-monitor] [main.py:70] - Shutdown signal received. Stopping...
[2026-01-28 17:25:38] [INFO] [security-monitor] [main.py:546] - Shutting down Security Monitor with Phase 4 operational response...
[2026-01-28 17:25:38] [INFO] [security-monitor] [main.py:420] - 📈 Stats - Events: 6 | Features: 1 | Alerts: 0 | Incidents: 0 | AI Scores: 1 | Reports: 0 | Emails: 0 | Errors: 0
[2026-01-28 17:25:38] [INFO] [security-monitor] [main.py:558] - ✅ Security Monitor shutdown complete with Phase 4 integration
